2026-09-10 10:29:22.548 xcodebuild[62244:3341807]  DVTFilePathFSEvents: Failed to start fs event stream.
2026-09-10 10:29:22.689 xcodebuild[62244:3341804] [MT] DVTDeveloperPaths: Failed to get length of DARWIN_USER_CACHE_DIR from confstr(3), error = Error Domain=NSPOSIXErrorDomain Code=5 "Input/output error". Using NSCachesDirectory instead.
2026-09-10 10:29:22.970 xcodebuild[62244:3341808] CoreSimulatorService connection became invalid.  Simulator services will no longer be available.
2026-09-10 10:29:22.970 xcodebuild[62244:3341876] Logging connecton invalid: <OS_xpc_error: <dictionary: 0x1fd0555f0> { count = 1, transaction: 0, voucher = 0x0, contents =
	"XPCErrorDescription" => <string: 0x1fd055730> { string cache = 0x0, length = 18, contents = "Connection invalid" }
}>
[-[SimServiceContext sendRequest:]:1751] ERROR : Unable to deliver request ({
    "developer_dir" = "/Applications/Xcode.app/Contents/Developer";
    request = "set_developer_dir";
}) because we are not connected to CoreSimulatorService.
Command line invocation:
    /Applications/Xcode.app/Contents/Developer/usr/bin/xcodebuild -project Sonexis.xcodeproj -scheme Sonexis -configuration Debug -derivedDataPath .build/DerivedData -destination platform=macOS build CODE_SIGNING_ALLOWED=NO

Build settings from command line:
    CODE_SIGNING_ALLOWED = NO

2026-09-10 10:29:23.025 xcodebuild[62244:3341804] [MT] DVTAssertions: Warning in DVTFrameworks/DVTFoundation/FileTypes/DVTFileDataTypeDetection.m:80
Details:  detectedTypeIdentifier (com.apple.binary-property-list) does not conform to matchedTypeIdentifier in MagicFileDataTypeDetector extenson com.apple.property-list. When both are specified, this conformance is required unless overridden by setting allowNonInheritance. extension.identifier:Xcode.MagicFileDataTypeDetector.BinaryPlist
Object:   <DVTFileDataTypeDetectionMagicCache: 0xbd3e5b780>
Method:   -initWithExtension:
Thread:   <_NSMainThread: 0x101069d40>{number = 1, name = main}
Please file a bug at https://feedbackassistant.apple.com with this warning message and any useful information you can provide.
2026-09-10 10:29:23.026 xcodebuild[62244:3341804] [MT] DVTAssertions: Warning in DVTFrameworks/DVTFoundation/FileTypes/DVTFileDataTypeDetection.m:80
Details:  detectedTypeIdentifier (com.apple.xml-property-list) does not conform to matchedTypeIdentifier in MagicFileDataTypeDetector extenson com.apple.property-list. When both are specified, this conformance is required unless overridden by setting allowNonInheritance. extension.identifier:Xcode.MagicFileDataTypeDetector.XMLPlist
Object:   <DVTFileDataTypeDetectionMagicCache: 0xbd3f18f30>
Method:   -initWithExtension:
Thread:   <_NSMainThread: 0x101069d40>{number = 1, name = main}
Please file a bug at https://feedbackassistant.apple.com with this warning message and any useful information you can provide.
[-[SimServiceContext initWithDeveloperDir:connectionType:error:]:432] WARN  : Unable to discover any Simulator runtimes. Developer Directory is /Applications/Xcode.app/Contents/Developer.
[-[SimDiskImageManager init]:175] ERROR : Could not kickstart simdiskimaged; SimDiskImageManager services will not be available: Error Domain=NSPOSIXErrorDomain Code=53 "Software caused connection abort" UserInfo={NSLocalizedDescription=Error returned in reply from CoreSimulatorService: Connection invalid}
[-[SimDiskImageManager _onQueue_checkConnection:]:219] ERROR : simdiskimaged connection is currently unavailable because connection became invalid
[-[SimDiskImageManager _onQueue_checkConnection:]:219] ERROR : simdiskimaged connection is currently unavailable because connection became invalid
[-[SimServiceContext initWithDeveloperDir:connectionType:error:]_block_invoke:468] ERROR : Could not get list of trusted mount directories: Error Domain=com.apple.CoreSimulator.SimError Code=409 "Cannot talk to the service used to manage runtime disk images (simdiskimaged) because its launchd job is not registered or was unloaded" UserInfo={NSLocalizedDescription=Cannot talk to the service used to manage runtime disk images (simdiskimaged) because its launchd job is not registered or was unloaded}
[-[SimServiceContext sendRequest:reply:error:]:1771] ERROR : Unable to deliver request ({
    request = "notification_subscription";
    "set_path" = "/Users/skandavyas/Library/Developer/CoreSimulator/Devices";
}) because we are not connected to CoreSimulatorService.
2026-09-10 10:29:23.053 xcodebuild[62244:3341875] Error Domain=NSPOSIXErrorDomain Code=61 "Connection refused" UserInfo={NSLocalizedDescription=CoreSimulatorService connection became invalid.  Simulator services will no longer be available.}
[-[SimServiceContext sendRequest:reply:error:]:1771] ERROR : Unable to deliver request ({
    request = "notification_subscription";
    "set_path" = "/Users/skandavyas/Library/Developer/CoreSimulator/Devices";
}) because we are not connected to CoreSimulatorService.
2026-09-10 10:29:23.055 xcodebuild[62244:3341875]  iOSSimulator: [SimServiceContext defaultDeviceSetWithError:] returned nil (Error Domain=NSPOSIXErrorDomain Code=61 "Connection refused" UserInfo={NSLocalizedFailureReason=Failed to subscribe to notifications from CoreSimulatorService., NSLocalizedDescription=Failed to initialize simulator device set., NSUnderlyingError=0xbd400c540 {Error Domain=NSPOSIXErrorDomain Code=61 "Connection refused" UserInfo={NSLocalizedDescription=CoreSimulatorService connection became invalid.  Simulator services will no longer be available.}}}). Simulator device support disabled.
2026-09-10 10:29:23.055 xcodebuild[62244:3341807] Error Domain=NSPOSIXErrorDomain Code=61 "Connection refused" UserInfo={NSLocalizedDescription=CoreSimulatorService connection became invalid.  Simulator services will no longer be available.}
2026-09-10 10:29:23.055 xcodebuild[62244:3341807]  IDESimulatorAvailability: startObservingSimulatorUpdates() FAILED to register SimDeviceSet observer
--- xcodebuild: WARNING: Using the first of multiple matching destinations:
{ platform:macOS, arch:arm64, id:00008132-001A71CE1139001C, name:My Mac }
{ platform:macOS, arch:x86_64, id:00008132-001A71CE1139001C, name:My Mac }
ComputePackagePrebuildTargetDependencyGraph

Prepare packages

CreateBuildRequest

SendProjectDescription

CreateBuildOperation

ComputeTargetDependencyGraph
note: Building targets in dependency order
note: Target dependency graph (1 target)
    Target 'Sonexis' in project 'Sonexis' (no dependencies)

GatherProvisioningInputs

CreateBuildDescription

ClangStatCache /Applications/Xcode.app/Contents/Developer/Toolchains/XcodeDefault.xctoolchain/usr/bin/clang-stat-cache /Applications/Xcode.app/Contents/Developer/Platforms/MacOSX.platform/Developer/SDKs/MacOSX26.5.sdk /Users/skandavyas/Sonexis/.build/DerivedData/SDKStatCaches.noindex/macosx26.5-25F70-e082c4a02f00227109f4ed75e425c832.sdkstatcache
    cd /Users/skandavyas/Sonexis/Sonexis.xcodeproj
    /Applications/Xcode.app/Contents/Developer/Toolchains/XcodeDefault.xctoolchain/usr/bin/clang-stat-cache /Applications/Xcode.app/Contents/Developer/Platforms/MacOSX.platform/Developer/SDKs/MacOSX26.5.sdk -o /Users/skandavyas/Sonexis/.build/DerivedData/SDKStatCaches.noindex/macosx26.5-25F70-e082c4a02f00227109f4ed75e425c832.sdkstatcache
Failed to create FS event stream. Considering the cache up-to-date.

SwiftDriver Sonexis normal arm64 com.apple.xcode.tools.swift.compiler (in target 'Sonexis' from project 'Sonexis')
    cd /Users/skandavyas/Sonexis
    builtin-SwiftDriver -- /Applications/Xcode.app/Contents/Developer/Toolchains/XcodeDefault.xctoolchain/usr/bin/swiftc -module-name Sonexis -Onone @/Users/skandavyas/Sonexis/.build/DerivedData/Build/Intermediates.noindex/Sonexis.build/Debug/Sonexis.build/Objects-normal/arm64/Sonexis.SwiftFileList -DDEBUG -enable-bare-slash-regex -enable-experimental-feature DebugDescriptionMacro -sdk /Applications/Xcode.app/Contents/Developer/Platforms/MacOSX.platform/Developer/SDKs/MacOSX26.5.sdk -target arm64-apple-macos14.4 -g -module-cache-path /Users/skandavyas/Sonexis/.build/DerivedData/ModuleCache.noindex -Xfrontend -serialize-debugging-options -enable-testing -index-store-path /Users/skandavyas/Sonexis/.build/DerivedData/Index.noindex/DataStore -Xcc -D_LIBCPP_HARDENING_MODE\=_LIBCPP_HARDENING_MODE_DEBUG -swift-version 5 -I /Users/skandavyas/Sonexis/.build/DerivedData/Build/Products/Debug -F /Users/skandavyas/Sonexis/.build/DerivedData/Build/Products/Debug -emit-localized-strings -emit-localized-strings-path /Users/skandavyas/Sonexis/.build/DerivedData/Build/Intermediates.noindex/Sonexis.build/Debug/Sonexis.build/Objects-normal/arm64 -c -j10 -enable-batch-mode -incremental -Xcc -ivfsstatcache -Xcc /Users/skandavyas/Sonexis/.build/DerivedData/SDKStatCaches.noindex/macosx26.5-25F70-e082c4a02f00227109f4ed75e425c832.sdkstatcache -output-file-map /Users/skandavyas/Sonexis/.build/DerivedData/Build/Intermediates.noindex/Sonexis.build/Debug/Sonexis.build/Objects-normal/arm64/Sonexis-OutputFileMap.json -use-frontend-parseable-output -save-temps -no-color-diagnostics -explicit-module-build -module-cache-path /Users/skandavyas/Sonexis/.build/DerivedData/Build/Intermediates.noindex/SwiftExplicitPrecompiledModules -clang-scanner-module-cache-path /Users/skandavyas/Sonexis/.build/DerivedData/ModuleCache.noindex -sdk-module-cache-path /Users/skandavyas/Sonexis/.build/DerivedData/ModuleCache.noindex -serialize-diagnostics -emit-dependencies -emit-module -emit-module-path /Users/skandavyas/Sonexis/.build/DerivedData/Build/Intermediates.noindex/Sonexis.build/Debug/Sonexis.build/Objects-normal/arm64/Sonexis.swiftmodule -validate-clang-modules-once -clang-build-session-file /Users/skandavyas/Sonexis/.build/DerivedData/ModuleCache.noindex/Session.modulevalidation -Xcc -I/Users/skandavyas/Sonexis/.build/DerivedData/Build/Intermediates.noindex/Sonexis.build/Debug/Sonexis.build/swift-overrides.hmap -emit-const-values -Xfrontend -const-gather-protocols-file -Xfrontend /Users/skandavyas/Sonexis/.build/DerivedData/Build/Intermediates.noindex/Sonexis.build/Debug/Sonexis.build/Objects-normal/arm64/Sonexis_const_extract_protocols.json -Xcc -iquote -Xcc /Users/skandavyas/Sonexis/.build/DerivedData/Build/Intermediates.noindex/Sonexis.build/Debug/Sonexis.build/Sonexis-generated-files.hmap -Xcc -I/Users/skandavyas/Sonexis/.build/DerivedData/Build/Intermediates.noindex/Sonexis.build/Debug/Sonexis.build/Sonexis-own-target-headers.hmap -Xcc -I/Users/skandavyas/Sonexis/.build/DerivedData/Build/Intermediates.noindex/Sonexis.build/Debug/Sonexis.build/Sonexis-all-target-headers.hmap -Xcc -iquote -Xcc /Users/skandavyas/Sonexis/.build/DerivedData/Build/Intermediates.noindex/Sonexis.build/Debug/Sonexis.build/Sonexis-project-headers.hmap -Xcc -I/Users/skandavyas/Sonexis/.build/DerivedData/Build/Products/Debug/include -Xcc -I/Users/skandavyas/Sonexis/External/rubberband/rubberband -Xcc -I/Users/skandavyas/Sonexis/External/rubberband -Xcc -I/Users/skandavyas/Sonexis/.build/DerivedData/Build/Intermediates.noindex/Sonexis.build/Debug/Sonexis.build/DerivedSources-normal/arm64 -Xcc -I/Users/skandavyas/Sonexis/.build/DerivedData/Build/Intermediates.noindex/Sonexis.build/Debug/Sonexis.build/DerivedSources/arm64 -Xcc -I/Users/skandavyas/Sonexis/.build/DerivedData/Build/Intermediates.noindex/Sonexis.build/Debug/Sonexis.build/DerivedSources -Xcc -DDEBUG\=1 -emit-objc-header -emit-objc-header-path /Users/skandavyas/Sonexis/.build/DerivedData/Build/Intermediates.noindex/Sonexis.build/Debug/Sonexis.build/Objects-normal/arm64/Sonexis-Swift.h -import-objc-header /Users/skandavyas/Sonexis/Sonexis/Sonexis-Bridging-Header.h -working-directory /Users/skandavyas/Sonexis -experimental-emit-module-separately -disable-cmo

SwiftGeneratePch normal arm64 Compiling\ bridging\ header (in target 'Sonexis' from project 'Sonexis')

SwiftDriverJobDiscovery normal arm64 Compiling bridging header (in target 'Sonexis' from project 'Sonexis')

SwiftCompile normal arm64 Compiling\ MultiChainAudioEngine.swift /Users/skandavyas/Sonexis/Sonexis/AudioEngine/MultiChainAudioEngine.swift (in target 'Sonexis' from project 'Sonexis')

SwiftCompile normal arm64 /Users/skandavyas/Sonexis/Sonexis/AudioEngine/MultiChainAudioEngine.swift (in target 'Sonexis' from project 'Sonexis')
    cd /Users/skandavyas/Sonexis
    

SwiftEmitModule normal arm64 Emitting\ module\ for\ Sonexis (in target 'Sonexis' from project 'Sonexis')
EmitSwiftModule normal arm64 (in target 'Sonexis' from project 'Sonexis')
    cd /Users/skandavyas/Sonexis
    

SwiftDriverJobDiscovery normal arm64 Compiling MultiChainAudioEngine.swift (in target 'Sonexis' from project 'Sonexis')

SwiftDriverJobDiscovery normal arm64 Emitting module for Sonexis (in target 'Sonexis' from project 'Sonexis')

SwiftDriver\ Compilation\ Requirements Sonexis normal arm64 com.apple.xcode.tools.swift.compiler (in target 'Sonexis' from project 'Sonexis')
    cd /Users/skandavyas/Sonexis
    builtin-Swift-Compilation-Requirements -- /Applications/Xcode.app/Contents/Developer/Toolchains/XcodeDefault.xctoolchain/usr/bin/swiftc -module-name Sonexis -Onone @/Users/skandavyas/Sonexis/.build/DerivedData/Build/Intermediates.noindex/Sonexis.build/Debug/Sonexis.build/Objects-normal/arm64/Sonexis.SwiftFileList -DDEBUG -enable-bare-slash-regex -enable-experimental-feature DebugDescriptionMacro -sdk /Applications/Xcode.app/Contents/Developer/Platforms/MacOSX.platform/Developer/SDKs/MacOSX26.5.sdk -target arm64-apple-macos14.4 -g -module-cache-path /Users/skandavyas/Sonexis/.build/DerivedData/ModuleCache.noindex -Xfrontend -serialize-debugging-options -enable-testing -index-store-path /Users/skandavyas/Sonexis/.build/DerivedData/Index.noindex/DataStore -Xcc -D_LIBCPP_HARDENING_MODE\=_LIBCPP_HARDENING_MODE_DEBUG -swift-version 5 -I /Users/skandavyas/Sonexis/.build/DerivedData/Build/Products/Debug -F /Users/skandavyas/Sonexis/.build/DerivedData/Build/Products/Debug -emit-localized-strings -emit-localized-strings-path /Users/skandavyas/Sonexis/.build/DerivedData/Build/Intermediates.noindex/Sonexis.build/Debug/Sonexis.build/Objects-normal/arm64 -c -j10 -enable-batch-mode -incremental -Xcc -ivfsstatcache -Xcc /Users/skandavyas/Sonexis/.build/DerivedData/SDKStatCaches.noindex/macosx26.5-25F70-e082c4a02f00227109f4ed75e425c832.sdkstatcache -output-file-map /Users/skandavyas/Sonexis/.build/DerivedData/Build/Intermediates.noindex/Sonexis.build/Debug/Sonexis.build/Objects-normal/arm64/Sonexis-OutputFileMap.json -use-frontend-parseable-output -save-temps -no-color-diagnostics -explicit-module-build -module-cache-path /Users/skandavyas/Sonexis/.build/DerivedData/Build/Intermediates.noindex/SwiftExplicitPrecompiledModules -clang-scanner-module-cache-path /Users/skandavyas/Sonexis/.build/DerivedData/ModuleCache.noindex -sdk-module-cache-path /Users/skandavyas/Sonexis/.build/DerivedData/ModuleCache.noindex -serialize-diagnostics -emit-dependencies -emit-module -emit-module-path /Users/skandavyas/Sonexis/.build/DerivedData/Build/Intermediates.noindex/Sonexis.build/Debug/Sonexis.build/Objects-normal/arm64/Sonexis.swiftmodule -validate-clang-modules-once -clang-build-session-file /Users/skandavyas/Sonexis/.build/DerivedData/ModuleCache.noindex/Session.modulevalidation -Xcc -I/Users/skandavyas/Sonexis/.build/DerivedData/Build/Intermediates.noindex/Sonexis.build/Debug/Sonexis.build/swift-overrides.hmap -emit-const-values -Xfrontend -const-gather-protocols-file -Xfrontend /Users/skandavyas/Sonexis/.build/DerivedData/Build/Intermediates.noindex/Sonexis.build/Debug/Sonexis.build/Objects-normal/arm64/Sonexis_const_extract_protocols.json -Xcc -iquote -Xcc /Users/skandavyas/Sonexis/.build/DerivedData/Build/Intermediates.noindex/Sonexis.build/Debug/Sonexis.build/Sonexis-generated-files.hmap -Xcc -I/Users/skandavyas/Sonexis/.build/DerivedData/Build/Intermediates.noindex/Sonexis.build/Debug/Sonexis.build/Sonexis-own-target-headers.hmap -Xcc -I/Users/skandavyas/Sonexis/.build/DerivedData/Build/Intermediates.noindex/Sonexis.build/Debug/Sonexis.build/Sonexis-all-target-headers.hmap -Xcc -iquote -Xcc /Users/skandavyas/Sonexis/.build/DerivedData/Build/Intermediates.noindex/Sonexis.build/Debug/Sonexis.build/Sonexis-project-headers.hmap -Xcc -I/Users/skandavyas/Sonexis/.build/DerivedData/Build/Products/Debug/include -Xcc -I/Users/skandavyas/Sonexis/External/rubberband/rubberband -Xcc -I/Users/skandavyas/Sonexis/External/rubberband -Xcc -I/Users/skandavyas/Sonexis/.build/DerivedData/Build/Intermediates.noindex/Sonexis.build/Debug/Sonexis.build/DerivedSources-normal/arm64 -Xcc -I/Users/skandavyas/Sonexis/.build/DerivedData/Build/Intermediates.noindex/Sonexis.build/Debug/Sonexis.build/DerivedSources/arm64 -Xcc -I/Users/skandavyas/Sonexis/.build/DerivedData/Build/Intermediates.noindex/Sonexis.build/Debug/Sonexis.build/DerivedSources -Xcc -DDEBUG\=1 -emit-objc-header -emit-objc-header-path /Users/skandavyas/Sonexis/.build/DerivedData/Build/Intermediates.noindex/Sonexis.build/Debug/Sonexis.build/Objects-normal/arm64/Sonexis-Swift.h -import-objc-header /Users/skandavyas/Sonexis/Sonexis/Sonexis-Bridging-Header.h -working-directory /Users/skandavyas/Sonexis -experimental-emit-module-separately -disable-cmo

SwiftDriver\ Compilation Sonexis normal arm64 com.apple.xcode.tools.swift.compiler (in target 'Sonexis' from project 'Sonexis')
    cd /Users/skandavyas/Sonexis
    builtin-Swift-Compilation -- /Applications/Xcode.app/Contents/Developer/Toolchains/XcodeDefault.xctoolchain/usr/bin/swiftc -module-name Sonexis -Onone @/Users/skandavyas/Sonexis/.build/DerivedData/Build/Intermediates.noindex/Sonexis.build/Debug/Sonexis.build/Objects-normal/arm64/Sonexis.SwiftFileList -DDEBUG -enable-bare-slash-regex -enable-experimental-feature DebugDescriptionMacro -sdk /Applications/Xcode.app/Contents/Developer/Platforms/MacOSX.platform/Developer/SDKs/MacOSX26.5.sdk -target arm64-apple-macos14.4 -g -module-cache-path /Users/skandavyas/Sonexis/.build/DerivedData/ModuleCache.noindex -Xfrontend -serialize-debugging-options -enable-testing -index-store-path /Users/skandavyas/Sonexis/.build/DerivedData/Index.noindex/DataStore -Xcc -D_LIBCPP_HARDENING_MODE\=_LIBCPP_HARDENING_MODE_DEBUG -swift-version 5 -I /Users/skandavyas/Sonexis/.build/DerivedData/Build/Products/Debug -F /Users/skandavyas/Sonexis/.build/DerivedData/Build/Products/Debug -emit-localized-strings -emit-localized-strings-path /Users/skandavyas/Sonexis/.build/DerivedData/Build/Intermediates.noindex/Sonexis.build/Debug/Sonexis.build/Objects-normal/arm64 -c -j10 -enable-batch-mode -incremental -Xcc -ivfsstatcache -Xcc /Users/skandavyas/Sonexis/.build/DerivedData/SDKStatCaches.noindex/macosx26.5-25F70-e082c4a02f00227109f4ed75e425c832.sdkstatcache -output-file-map /Users/skandavyas/Sonexis/.build/DerivedData/Build/Intermediates.noindex/Sonexis.build/Debug/Sonexis.build/Objects-normal/arm64/Sonexis-OutputFileMap.json -use-frontend-parseable-output -save-temps -no-color-diagnostics -explicit-module-build -module-cache-path /Users/skandavyas/Sonexis/.build/DerivedData/Build/Intermediates.noindex/SwiftExplicitPrecompiledModules -clang-scanner-module-cache-path /Users/skandavyas/Sonexis/.build/DerivedData/ModuleCache.noindex -sdk-module-cache-path /Users/skandavyas/Sonexis/.build/DerivedData/ModuleCache.noindex -serialize-diagnostics -emit-dependencies -emit-module -emit-module-path /Users/skandavyas/Sonexis/.build/DerivedData/Build/Intermediates.noindex/Sonexis.build/Debug/Sonexis.build/Objects-normal/arm64/Sonexis.swiftmodule -validate-clang-modules-once -clang-build-session-file /Users/skandavyas/Sonexis/.build/DerivedData/ModuleCache.noindex/Session.modulevalidation -Xcc -I/Users/skandavyas/Sonexis/.build/DerivedData/Build/Intermediates.noindex/Sonexis.build/Debug/Sonexis.build/swift-overrides.hmap -emit-const-values -Xfrontend -const-gather-protocols-file -Xfrontend /Users/skandavyas/Sonexis/.build/DerivedData/Build/Intermediates.noindex/Sonexis.build/Debug/Sonexis.build/Objects-normal/arm64/Sonexis_const_extract_protocols.json -Xcc -iquote -Xcc /Users/skandavyas/Sonexis/.build/DerivedData/Build/Intermediates.noindex/Sonexis.build/Debug/Sonexis.build/Sonexis-generated-files.hmap -Xcc -I/Users/skandavyas/Sonexis/.build/DerivedData/Build/Intermediates.noindex/Sonexis.build/Debug/Sonexis.build/Sonexis-own-target-headers.hmap -Xcc -I/Users/skandavyas/Sonexis/.build/DerivedData/Build/Intermediates.noindex/Sonexis.build/Debug/Sonexis.build/Sonexis-all-target-headers.hmap -Xcc -iquote -Xcc /Users/skandavyas/Sonexis/.build/DerivedData/Build/Intermediates.noindex/Sonexis.build/Debug/Sonexis.build/Sonexis-project-headers.hmap -Xcc -I/Users/skandavyas/Sonexis/.build/DerivedData/Build/Products/Debug/include -Xcc -I/Users/skandavyas/Sonexis/External/rubberband/rubberband -Xcc -I/Users/skandavyas/Sonexis/External/rubberband -Xcc -I/Users/skandavyas/Sonexis/.build/DerivedData/Build/Intermediates.noindex/Sonexis.build/Debug/Sonexis.build/DerivedSources-normal/arm64 -Xcc -I/Users/skandavyas/Sonexis/.build/DerivedData/Build/Intermediates.noindex/Sonexis.build/Debug/Sonexis.build/DerivedSources/arm64 -Xcc -I/Users/skandavyas/Sonexis/.build/DerivedData/Build/Intermediates.noindex/Sonexis.build/Debug/Sonexis.build/DerivedSources -Xcc -DDEBUG\=1 -emit-objc-header -emit-objc-header-path /Users/skandavyas/Sonexis/.build/DerivedData/Build/Intermediates.noindex/Sonexis.build/Debug/Sonexis.build/Objects-normal/arm64/Sonexis-Swift.h -import-objc-header /Users/skandavyas/Sonexis/Sonexis/Sonexis-Bridging-Header.h -working-directory /Users/skandavyas/Sonexis -experimental-emit-module-separately -disable-cmo

Copy /Users/skandavyas/Sonexis/.build/DerivedData/Build/Products/Debug/Sonexis.swiftmodule/arm64-apple-macos.abi.json /Users/skandavyas/Sonexis/.build/DerivedData/Build/Intermediates.noindex/Sonexis.build/Debug/Sonexis.build/Objects-normal/arm64/Sonexis.abi.json (in target 'Sonexis' from project 'Sonexis')
    cd /Users/skandavyas/Sonexis
    builtin-copy -exclude .DS_Store -exclude CVS -exclude .svn -exclude .git -exclude .hg -resolve-src-symlinks -rename /Users/skandavyas/Sonexis/.build/DerivedData/Build/Intermediates.noindex/Sonexis.build/Debug/Sonexis.build/Objects-normal/arm64/Sonexis.abi.json /Users/skandavyas/Sonexis/.build/DerivedData/Build/Products/Debug/Sonexis.swiftmodule/arm64-apple-macos.abi.json

Copy /Users/skandavyas/Sonexis/.build/DerivedData/Build/Products/Debug/Sonexis.swiftmodule/Project/arm64-apple-macos.swiftsourceinfo /Users/skandavyas/Sonexis/.build/DerivedData/Build/Intermediates.noindex/Sonexis.build/Debug/Sonexis.build/Objects-normal/arm64/Sonexis.swiftsourceinfo (in target 'Sonexis' from project 'Sonexis')
    cd /Users/skandavyas/Sonexis
    builtin-copy -exclude .DS_Store -exclude CVS -exclude .svn -exclude .git -exclude .hg -resolve-src-symlinks -rename /Users/skandavyas/Sonexis/.build/DerivedData/Build/Intermediates.noindex/Sonexis.build/Debug/Sonexis.build/Objects-normal/arm64/Sonexis.swiftsourceinfo /Users/skandavyas/Sonexis/.build/DerivedData/Build/Products/Debug/Sonexis.swiftmodule/Project/arm64-apple-macos.swiftsourceinfo

Ld /Users/skandavyas/Sonexis/.build/DerivedData/Build/Products/Debug/Sonexis.app/Contents/MacOS/Sonexis.debug.dylib normal (in target 'Sonexis' from project 'Sonexis')
    cd /Users/skandavyas/Sonexis
    /Applications/Xcode.app/Contents/Developer/Toolchains/XcodeDefault.xctoolchain/usr/bin/clang++ -Xlinker -reproducible -target arm64-apple-macos14.4 -dynamiclib -isysroot /Applications/Xcode.app/Contents/Developer/Platforms/MacOSX.platform/Developer/SDKs/MacOSX26.5.sdk -O0 -L/Users/skandavyas/Sonexis/.build/DerivedData/Build/Intermediates.noindex/EagerLinkingTBDs/Debug -L/Users/skandavyas/Sonexis/.build/DerivedData/Build/Products/Debug -F/Users/skandavyas/Sonexis/.build/DerivedData/Build/Intermediates.noindex/EagerLinkingTBDs/Debug -F/Users/skandavyas/Sonexis/.build/DerivedData/Build/Products/Debug -filelist /Users/skandavyas/Sonexis/.build/DerivedData/Build/Intermediates.noindex/Sonexis.build/Debug/Sonexis.build/Objects-normal/arm64/Sonexis.LinkFileList -install_name @rpath/Sonexis.debug.dylib -Xlinker -rpath -Xlinker /usr/lib/swift -Xlinker -rpath -Xlinker @executable_path/../Frameworks -Xlinker -object_path_lto -Xlinker /Users/skandavyas/Sonexis/.build/DerivedData/Build/Intermediates.noindex/Sonexis.build/Debug/Sonexis.build/Objects-normal/arm64/Sonexis_lto.o -rdynamic -Xlinker -no_deduplicate -Xlinker -dependency_info -Xlinker /Users/skandavyas/Sonexis/.build/DerivedData/Build/Intermediates.noindex/Sonexis.build/Debug/Sonexis.build/Objects-normal/arm64/Sonexis_dependency_info.dat -fobjc-arc -fobjc-link-runtime -L/Applications/Xcode.app/Contents/Developer/Toolchains/XcodeDefault.xctoolchain/usr/lib/swift/macosx -L/usr/lib/swift -Xlinker -add_ast_path -Xlinker /Users/skandavyas/Sonexis/.build/DerivedData/Build/Intermediates.noindex/Sonexis.build/Debug/Sonexis.build/Objects-normal/arm64/Sonexis.swiftmodule @/Users/skandavyas/Sonexis/.build/DerivedData/Build/Intermediates.noindex/Sonexis.build/Debug/Sonexis.build/Objects-normal/arm64/Sonexis-linker-args.resp -Xlinker -alias -Xlinker _main -Xlinker ___debug_main_executable_dylib_entry_point -framework Accelerate -o /Users/skandavyas/Sonexis/.build/DerivedData/Build/Products/Debug/Sonexis.app/Contents/MacOS/Sonexis.debug.dylib

ConstructStubExecutorLinkFileList /Users/skandavyas/Sonexis/.build/DerivedData/Build/Intermediates.noindex/Sonexis.build/Debug/Sonexis.build/Sonexis-ExecutorLinkFileList-normal-arm64.txt (in target 'Sonexis' from project 'Sonexis')
    cd /Users/skandavyas/Sonexis
    construct-stub-executor-link-file-list /Users/skandavyas/Sonexis/.build/DerivedData/Build/Products/Debug/Sonexis.app/Contents/MacOS/Sonexis.debug.dylib /Applications/Xcode.app/Contents/Developer/Platforms/MacOSX.platform/Developer/usr/lib/libPreviewsJITStubExecutor_no_swift_entry_point.a /Applications/Xcode.app/Contents/Developer/Platforms/MacOSX.platform/Developer/usr/lib/libPreviewsJITStubExecutor.a --output /Users/skandavyas/Sonexis/.build/DerivedData/Build/Intermediates.noindex/Sonexis.build/Debug/Sonexis.build/Sonexis-ExecutorLinkFileList-normal-arm64.txt
note: Using stub executor library with Swift entry point. (in target 'Sonexis' from project 'Sonexis')

Ld /Users/skandavyas/Sonexis/.build/DerivedData/Build/Products/Debug/Sonexis.app/Contents/MacOS/Sonexis normal (in target 'Sonexis' from project 'Sonexis')
    cd /Users/skandavyas/Sonexis
    /Applications/Xcode.app/Contents/Developer/Toolchains/XcodeDefault.xctoolchain/usr/bin/clang++ -Xlinker -reproducible -target arm64-apple-macos14.4 -isysroot /Applications/Xcode.app/Contents/Developer/Platforms/MacOSX.platform/Developer/SDKs/MacOSX26.5.sdk -O0 -L/Users/skandavyas/Sonexis/.build/DerivedData/Build/Products/Debug -F/Users/skandavyas/Sonexis/.build/DerivedData/Build/Products/Debug -Xlinker -rpath -Xlinker @executable_path -Xlinker -rpath -Xlinker @executable_path/../Frameworks -rdynamic -Xlinker -no_deduplicate -e ___debug_blank_executor_main -Xlinker -sectcreate -Xlinker __TEXT -Xlinker __debug_dylib -Xlinker /Users/skandavyas/Sonexis/.build/DerivedData/Build/Intermediates.noindex/Sonexis.build/Debug/Sonexis.build/Sonexis-DebugDylibPath-normal-arm64.txt -Xlinker -sectcreate -Xlinker __TEXT -Xlinker __debug_instlnm -Xlinker /Users/skandavyas/Sonexis/.build/DerivedData/Build/Intermediates.noindex/Sonexis.build/Debug/Sonexis.build/Sonexis-DebugDylibInstallName-normal-arm64.txt -Xlinker -filelist -Xlinker /Users/skandavyas/Sonexis/.build/DerivedData/Build/Intermediates.noindex/Sonexis.build/Debug/Sonexis.build/Sonexis-ExecutorLinkFileList-normal-arm64.txt /Users/skandavyas/Sonexis/.build/DerivedData/Build/Products/Debug/Sonexis.app/Contents/MacOS/Sonexis.debug.dylib -o /Users/skandavyas/Sonexis/.build/DerivedData/Build/Products/Debug/Sonexis.app/Contents/MacOS/Sonexis

ExtractAppIntentsMetadata (in target 'Sonexis' from project 'Sonexis')
    cd /Users/skandavyas/Sonexis
    /Applications/Xcode.app/Contents/Developer/Toolchains/XcodeDefault.xctoolchain/usr/bin/appintentsmetadataprocessor --toolchain-dir /Applications/Xcode.app/Contents/Developer/Toolchains/XcodeDefault.xctoolchain --module-name Sonexis --sdk-root /Applications/Xcode.app/Contents/Developer/Platforms/MacOSX.platform/Developer/SDKs/MacOSX26.5.sdk --xcode-version 17F113 --platform-family macOS --deployment-target 14.4 --bundle-identifier com.sonexis.app --output /Users/skandavyas/Sonexis/.build/DerivedData/Build/Products/Debug/Sonexis.app/Contents/Resources --target-triple arm64-apple-macos14.4 --binary-file /Users/skandavyas/Sonexis/.build/DerivedData/Build/Products/Debug/Sonexis.app/Contents/MacOS/Sonexis --dependency-file /Users/skandavyas/Sonexis/.build/DerivedData/Build/Intermediates.noindex/Sonexis.build/Debug/Sonexis.build/Objects-normal/arm64/Sonexis_dependency_info.dat --stringsdata-file /Users/skandavyas/Sonexis/.build/DerivedData/Build/Intermediates.noindex/Sonexis.build/Debug/Sonexis.build/Objects-normal/arm64/ExtractedAppShortcutsMetadata.stringsdata --source-file-list /Users/skandavyas/Sonexis/.build/DerivedData/Build/Intermediates.noindex/Sonexis.build/Debug/Sonexis.build/Objects-normal/arm64/Sonexis.SwiftFileList --metadata-file-list /Users/skandavyas/Sonexis/.build/DerivedData/Build/Intermediates.noindex/Sonexis.build/Debug/Sonexis.build/Sonexis.DependencyMetadataFileList --static-metadata-file-list /Users/skandavyas/Sonexis/.build/DerivedData/Build/Intermediates.noindex/Sonexis.build/Debug/Sonexis.build/Sonexis.DependencyStaticMetadataFileList --swift-const-vals-list /Users/skandavyas/Sonexis/.build/DerivedData/Build/Intermediates.noindex/Sonexis.build/Debug/Sonexis.build/Objects-normal/arm64/Sonexis.SwiftConstValuesFileList --compile-time-extraction --deployment-aware-processing --validate-assistant-intents --no-app-shortcuts-localization
2026-09-10 10:29:25.627 appintentsmetadataprocessor[62278:3342101] Starting appintentsmetadataprocessor export
2026-09-10 10:29:25.629 appintentsmetadataprocessor[62278:3342101] warning: Metadata extraction skipped. No AppIntents.framework dependency found.

CopySwiftLibs /Users/skandavyas/Sonexis/.build/DerivedData/Build/Products/Debug/Sonexis.app (in target 'Sonexis' from project 'Sonexis')
    cd /Users/skandavyas/Sonexis
    builtin-swiftStdLibTool --copy --verbose --scan-executable /Users/skandavyas/Sonexis/.build/DerivedData/Build/Products/Debug/Sonexis.app/Contents/MacOS/Sonexis.debug.dylib --scan-folder /Users/skandavyas/Sonexis/.build/DerivedData/Build/Products/Debug/Sonexis.app/Contents/Frameworks --scan-folder /Users/skandavyas/Sonexis/.build/DerivedData/Build/Products/Debug/Sonexis.app/Contents/PlugIns --scan-folder /Users/skandavyas/Sonexis/.build/DerivedData/Build/Products/Debug/Sonexis.app/Contents/Library/SystemExtensions --scan-folder /Users/skandavyas/Sonexis/.build/DerivedData/Build/Products/Debug/Sonexis.app/Contents/Extensions --scan-folder /Applications/Xcode.app/Contents/Developer/Platforms/MacOSX.platform/Developer/SDKs/MacOSX26.5.sdk/System/Library/Frameworks/Accelerate.framework --platform macosx --toolchain /Applications/Xcode.app/Contents/Developer/Toolchains/XcodeDefault.xctoolchain --destination /Users/skandavyas/Sonexis/.build/DerivedData/Build/Products/Debug/Sonexis.app/Contents/Frameworks --strip-bitcode --strip-bitcode-tool /Applications/Xcode.app/Contents/Developer/Toolchains/XcodeDefault.xctoolchain/usr/bin/bitcode_strip --emit-dependency-info /Users/skandavyas/Sonexis/.build/DerivedData/Build/Intermediates.noindex/Sonexis.build/Debug/Sonexis.build/SwiftStdLibToolInputDependencies.dep --filter-for-swift-os --back-deploy-swift-span
Ignoring --strip-bitcode because --sign was not passed

GenerateDSYMFile /Users/skandavyas/Sonexis/.build/DerivedData/Build/Products/Debug/Sonexis.app.dSYM /Users/skandavyas/Sonexis/.build/DerivedData/Build/Products/Debug/Sonexis.app/Contents/MacOS/Sonexis (in target 'Sonexis' from project 'Sonexis')
    cd /Users/skandavyas/Sonexis
    /Applications/Xcode.app/Contents/Developer/Toolchains/XcodeDefault.xctoolchain/usr/bin/dsymutil -q /Users/skandavyas/Sonexis/.build/DerivedData/Build/Products/Debug/Sonexis.app/Contents/MacOS/Sonexis -o /Users/skandavyas/Sonexis/.build/DerivedData/Build/Products/Debug/Sonexis.app.dSYM

GenerateDSYMFile /Users/skandavyas/Sonexis/.build/DerivedData/Build/Products/Debug/Sonexis.app.dSYM /Users/skandavyas/Sonexis/.build/DerivedData/Build/Products/Debug/Sonexis.app/Contents/MacOS/Sonexis.debug.dylib (in target 'Sonexis' from project 'Sonexis')
    cd /Users/skandavyas/Sonexis
    /Applications/Xcode.app/Contents/Developer/Toolchains/XcodeDefault.xctoolchain/usr/bin/dsymutil /Users/skandavyas/Sonexis/.build/DerivedData/Build/Products/Debug/Sonexis.app/Contents/MacOS/Sonexis.debug.dylib -o /Users/skandavyas/Sonexis/.build/DerivedData/Build/Products/Debug/Sonexis.app.dSYM

** BUILD SUCCEEDED **

