2026-09-10 02:16:29.843 xcodebuild[59767:3255897]  DVTFilePathFSEvents: Failed to start fs event stream.
2026-09-10 02:16:29.954 xcodebuild[59767:3255896] [MT] DVTDeveloperPaths: Failed to get length of DARWIN_USER_CACHE_DIR from confstr(3), error = Error Domain=NSPOSIXErrorDomain Code=5 "Input/output error". Using NSCachesDirectory instead.
2026-09-10 02:16:30.203 xcodebuild[59767:3255898] CoreSimulatorService connection became invalid.  Simulator services will no longer be available.
2026-09-10 02:16:30.203 xcodebuild[59767:3255921] Logging connecton invalid: <OS_xpc_error: <dictionary: 0x1fd0555f0> { count = 1, transaction: 0, voucher = 0x0, contents =
	"XPCErrorDescription" => <string: 0x1fd055730> { string cache = 0x0, length = 18, contents = "Connection invalid" }
}>
[-[SimServiceContext sendRequest:]:1751] ERROR : Unable to deliver request ({
    "developer_dir" = "/Applications/Xcode.app/Contents/Developer";
    request = "set_developer_dir";
}) because we are not connected to CoreSimulatorService.
Command line invocation:
    /Applications/Xcode.app/Contents/Developer/usr/bin/xcodebuild -project Sonexis.xcodeproj -scheme Sonexis -configuration Release -derivedDataPath /Users/skandavyas/Sonexis/.build/ReleaseAudit -destination platform=macOS build CODE_SIGNING_ALLOWED=NO ENABLE_TESTABILITY=YES

Build settings from command line:
    CODE_SIGNING_ALLOWED = NO
    ENABLE_TESTABILITY = YES

[-[SimServiceContext initWithDeveloperDir:connectionType:error:]:432] WARN  : Unable to discover any Simulator runtimes. Developer Directory is /Applications/Xcode.app/Contents/Developer.
[-[SimDiskImageManager init]:175] ERROR : Could not kickstart simdiskimaged; SimDiskImageManager services will not be available: Error Domain=NSPOSIXErrorDomain Code=53 "Software caused connection abort" UserInfo={NSLocalizedDescription=Error returned in reply from CoreSimulatorService: Connection invalid}
[-[SimDiskImageManager _onQueue_checkConnection:]:239] ERROR : simdiskimaged returned error (invalid), marking disconnected.
[-[SimDiskImageManager _onQueue_checkConnection:]:239] ERROR : simdiskimaged returned error (invalid), marking disconnected.
[-[SimServiceContext initWithDeveloperDir:connectionType:error:]_block_invoke:468] ERROR : Could not get list of trusted mount directories: Error Domain=com.apple.CoreSimulator.SimError Code=410 "The service used to manage runtime disk images (simdiskimaged) crashed or is not responding" UserInfo={NSLocalizedDescription=The service used to manage runtime disk images (simdiskimaged) crashed or is not responding}
[-[SimServiceContext sendRequest:reply:error:]:1771] ERROR : Unable to deliver request ({
    request = "notification_subscription";
    "set_path" = "/Users/skandavyas/Library/Developer/CoreSimulator/Devices";
}) because we are not connected to CoreSimulatorService.
2026-09-10 02:16:30.249 xcodebuild[59767:3255897] Error Domain=NSPOSIXErrorDomain Code=61 "Connection refused" UserInfo={NSLocalizedDescription=CoreSimulatorService connection became invalid.  Simulator services will no longer be available.}
[-[SimServiceContext sendRequest:reply:error:]:1771] ERROR : Unable to deliver request ({
    request = "notification_subscription";
    "set_path" = "/Users/skandavyas/Library/Developer/CoreSimulator/Devices";
}) because we are not connected to CoreSimulatorService.
2026-09-10 02:16:30.250 xcodebuild[59767:3255920] Error Domain=NSPOSIXErrorDomain Code=61 "Connection refused" UserInfo={NSLocalizedDescription=CoreSimulatorService connection became invalid.  Simulator services will no longer be available.}
2026-09-10 02:16:30.250 xcodebuild[59767:3255897]  IDESimulatorAvailability: startObservingSimulatorUpdates() FAILED to register SimDeviceSet observer
2026-09-10 02:16:30.250 xcodebuild[59767:3255920]  iOSSimulator: [SimServiceContext defaultDeviceSetWithError:] returned nil (Error Domain=NSPOSIXErrorDomain Code=61 "Connection refused" UserInfo={NSLocalizedFailureReason=Failed to subscribe to notifications from CoreSimulatorService., NSLocalizedDescription=Failed to initialize simulator device set., NSUnderlyingError=0x817f48ba0 {Error Domain=NSPOSIXErrorDomain Code=61 "Connection refused" UserInfo={NSLocalizedDescription=CoreSimulatorService connection became invalid.  Simulator services will no longer be available.}}}). Simulator device support disabled.
2026-09-10 02:16:30.255 xcodebuild[59767:3255896] [MT] DVTAssertions: Warning in DVTFrameworks/DVTFoundation/FileTypes/DVTFileDataTypeDetection.m:80
Details:  detectedTypeIdentifier (com.apple.xml-property-list) does not conform to matchedTypeIdentifier in MagicFileDataTypeDetector extenson com.apple.property-list. When both are specified, this conformance is required unless overridden by setting allowNonInheritance. extension.identifier:Xcode.MagicFileDataTypeDetector.XMLPlist
Object:   <DVTFileDataTypeDetectionMagicCache: 0x817dcb360>
Method:   -initWithExtension:
Thread:   <_NSMainThread: 0x101259d40>{number = 1, name = main}
Please file a bug at https://feedbackassistant.apple.com with this warning message and any useful information you can provide.
2026-09-10 02:16:30.255 xcodebuild[59767:3255896] [MT] DVTAssertions: Warning in DVTFrameworks/DVTFoundation/FileTypes/DVTFileDataTypeDetection.m:80
Details:  detectedTypeIdentifier (com.apple.binary-property-list) does not conform to matchedTypeIdentifier in MagicFileDataTypeDetector extenson com.apple.property-list. When both are specified, this conformance is required unless overridden by setting allowNonInheritance. extension.identifier:Xcode.MagicFileDataTypeDetector.BinaryPlist
Object:   <DVTFileDataTypeDetectionMagicCache: 0x817ed1620>
Method:   -initWithExtension:
Thread:   <_NSMainThread: 0x101259d40>{number = 1, name = main}
Please file a bug at https://feedbackassistant.apple.com with this warning message and any useful information you can provide.
--- xcodebuild: WARNING: Using the first of multiple matching destinations:
{ platform:macOS, arch:arm64, id:00008132-001A71CE1139001C, name:My Mac }
{ platform:macOS, arch:x86_64, id:00008132-001A71CE1139001C, name:My Mac }
ComputePackagePrebuildTargetDependencyGraph

Prepare packages

CreateBuildRequest

SendProjectDescription

CreateBuildOperation

ComputeTargetDependencyGraph
note: Building targets in dependency order
note: Target dependency graph (1 target)
    Target 'Sonexis' in project 'Sonexis' (no dependencies)

GatherProvisioningInputs

CreateBuildDescription

ExecuteExternalTool /Applications/Xcode.app/Contents/Developer/Toolchains/XcodeDefault.xctoolchain/usr/bin/clang -v -E -dM -isysroot /Applications/Xcode.app/Contents/Developer/Platforms/MacOSX.platform/Developer/SDKs/MacOSX26.5.sdk -x c -c /dev/null

ExecuteExternalTool /Applications/Xcode.app/Contents/Developer/Toolchains/XcodeDefault.xctoolchain/usr/bin/clang -v -E -dM -arch arm64 -isysroot /Applications/Xcode.app/Contents/Developer/Platforms/MacOSX.platform/Developer/SDKs/MacOSX26.5.sdk -x objective-c++ -c /dev/null

ExecuteExternalTool /Applications/Xcode.app/Contents/Developer/Toolchains/XcodeDefault.xctoolchain/usr/bin/clang -v -E -dM -arch arm64 -isysroot /Applications/Xcode.app/Contents/Developer/Platforms/MacOSX.platform/Developer/SDKs/MacOSX26.5.sdk -x c -c /dev/null

ExecuteExternalTool /Applications/Xcode.app/Contents/Developer/Toolchains/XcodeDefault.xctoolchain/usr/bin/clang -v -E -dM -arch arm64 -isysroot /Applications/Xcode.app/Contents/Developer/Platforms/MacOSX.platform/Developer/SDKs/MacOSX26.5.sdk -x c++ -c /dev/null

ExecuteExternalTool /Applications/Xcode.app/Contents/Developer/usr/bin/actool --version --output-format xml1

ExecuteExternalTool /Applications/Xcode.app/Contents/Developer/Toolchains/XcodeDefault.xctoolchain/usr/bin/swiftc --version

ExecuteExternalTool /Applications/Xcode.app/Contents/Developer/Toolchains/XcodeDefault.xctoolchain/usr/bin/ld -version_details

ExecuteExternalTool /Applications/Xcode.app/Contents/Developer/Toolchains/XcodeDefault.xctoolchain/usr/bin/clang -v -E -dM -arch x86_64 -isysroot /Applications/Xcode.app/Contents/Developer/Platforms/MacOSX.platform/Developer/SDKs/MacOSX26.5.sdk -x objective-c++ -c /dev/null

ExecuteExternalTool /Applications/Xcode.app/Contents/Developer/Toolchains/XcodeDefault.xctoolchain/usr/bin/clang -v -E -dM -arch x86_64 -isysroot /Applications/Xcode.app/Contents/Developer/Platforms/MacOSX.platform/Developer/SDKs/MacOSX26.5.sdk -x c -c /dev/null

ExecuteExternalTool /Applications/Xcode.app/Contents/Developer/Toolchains/XcodeDefault.xctoolchain/usr/bin/clang -v -E -dM -arch x86_64 -isysroot /Applications/Xcode.app/Contents/Developer/Platforms/MacOSX.platform/Developer/SDKs/MacOSX26.5.sdk -x c++ -c /dev/null

Build description signature: 33f76e2b8ae57108cf35a542f606a37a
Build description path: /Users/skandavyas/Sonexis/.build/ReleaseAudit/Build/Intermediates.noindex/XCBuildData/33f76e2b8ae57108cf35a542f606a37a.xcbuilddata
ClangStatCache /Applications/Xcode.app/Contents/Developer/Toolchains/XcodeDefault.xctoolchain/usr/bin/clang-stat-cache /Applications/Xcode.app/Contents/Developer/Platforms/MacOSX.platform/Developer/SDKs/MacOSX26.5.sdk /Users/skandavyas/Sonexis/.build/ReleaseAudit/SDKStatCaches.noindex/macosx26.5-25F70-e082c4a02f00227109f4ed75e425c832.sdkstatcache
    cd /Users/skandavyas/Sonexis/Sonexis.xcodeproj
    /Applications/Xcode.app/Contents/Developer/Toolchains/XcodeDefault.xctoolchain/usr/bin/clang-stat-cache /Applications/Xcode.app/Contents/Developer/Platforms/MacOSX.platform/Developer/SDKs/MacOSX26.5.sdk -o /Users/skandavyas/Sonexis/.build/ReleaseAudit/SDKStatCaches.noindex/macosx26.5-25F70-e082c4a02f00227109f4ed75e425c832.sdkstatcache
Failed to create FS event stream. Considering the cache up-to-date.

Ld /Users/skandavyas/Sonexis/.build/ReleaseAudit/Build/Intermediates.noindex/Sonexis.build/Release/Sonexis.build/Objects-normal/arm64/Binary/Sonexis normal arm64 (in target 'Sonexis' from project 'Sonexis')
    cd /Users/skandavyas/Sonexis
    /Applications/Xcode.app/Contents/Developer/Toolchains/XcodeDefault.xctoolchain/usr/bin/clang++ -Xlinker -reproducible -target arm64-apple-macos14.4 -isysroot /Applications/Xcode.app/Contents/Developer/Platforms/MacOSX.platform/Developer/SDKs/MacOSX26.5.sdk -Os -L/Users/skandavyas/Sonexis/.build/ReleaseAudit/Build/Intermediates.noindex/EagerLinkingTBDs/Release -L/Users/skandavyas/Sonexis/.build/ReleaseAudit/Build/Products/Release -F/Users/skandavyas/Sonexis/.build/ReleaseAudit/Build/Intermediates.noindex/EagerLinkingTBDs/Release -F/Users/skandavyas/Sonexis/.build/ReleaseAudit/Build/Products/Release -filelist /Users/skandavyas/Sonexis/.build/ReleaseAudit/Build/Intermediates.noindex/Sonexis.build/Release/Sonexis.build/Objects-normal/arm64/Sonexis.LinkFileList -Xlinker -rpath -Xlinker /usr/lib/swift -Xlinker -rpath -Xlinker @executable_path/../Frameworks -Xlinker -object_path_lto -Xlinker /Users/skandavyas/Sonexis/.build/ReleaseAudit/Build/Intermediates.noindex/Sonexis.build/Release/Sonexis.build/Objects-normal/arm64/Sonexis_lto.o -rdynamic -Xlinker -dependency_info -Xlinker /Users/skandavyas/Sonexis/.build/ReleaseAudit/Build/Intermediates.noindex/Sonexis.build/Release/Sonexis.build/Objects-normal/arm64/Sonexis_dependency_info.dat -fobjc-arc -fobjc-link-runtime -L/Applications/Xcode.app/Contents/Developer/Toolchains/XcodeDefault.xctoolchain/usr/lib/swift/macosx -L/usr/lib/swift -Xlinker -add_ast_path -Xlinker /Users/skandavyas/Sonexis/.build/ReleaseAudit/Build/Intermediates.noindex/Sonexis.build/Release/Sonexis.build/Objects-normal/arm64/Sonexis.swiftmodule @/Users/skandavyas/Sonexis/.build/ReleaseAudit/Build/Intermediates.noindex/Sonexis.build/Release/Sonexis.build/Objects-normal/arm64/Sonexis-linker-args.resp -framework Accelerate -o /Users/skandavyas/Sonexis/.build/ReleaseAudit/Build/Intermediates.noindex/Sonexis.build/Release/Sonexis.build/Objects-normal/arm64/Binary/Sonexis

CreateUniversalBinary /Users/skandavyas/Sonexis/.build/ReleaseAudit/Build/Products/Release/Sonexis.app/Contents/MacOS/Sonexis normal arm64\ x86_64 (in target 'Sonexis' from project 'Sonexis')
    cd /Users/skandavyas/Sonexis
    /Applications/Xcode.app/Contents/Developer/Toolchains/XcodeDefault.xctoolchain/usr/bin/lipo -create /Users/skandavyas/Sonexis/.build/ReleaseAudit/Build/Intermediates.noindex/Sonexis.build/Release/Sonexis.build/Objects-normal/arm64/Binary/Sonexis /Users/skandavyas/Sonexis/.build/ReleaseAudit/Build/Intermediates.noindex/Sonexis.build/Release/Sonexis.build/Objects-normal/x86_64/Binary/Sonexis -output /Users/skandavyas/Sonexis/.build/ReleaseAudit/Build/Products/Release/Sonexis.app/Contents/MacOS/Sonexis

ExtractAppIntentsMetadata (in target 'Sonexis' from project 'Sonexis')
    cd /Users/skandavyas/Sonexis
    /Applications/Xcode.app/Contents/Developer/Toolchains/XcodeDefault.xctoolchain/usr/bin/appintentsmetadataprocessor --toolchain-dir /Applications/Xcode.app/Contents/Developer/Toolchains/XcodeDefault.xctoolchain --module-name Sonexis --sdk-root /Applications/Xcode.app/Contents/Developer/Platforms/MacOSX.platform/Developer/SDKs/MacOSX26.5.sdk --xcode-version 17F113 --platform-family macOS --deployment-target 14.4 --bundle-identifier com.sonexis.app --output /Users/skandavyas/Sonexis/.build/ReleaseAudit/Build/Products/Release/Sonexis.app/Contents/Resources --target-triple arm64-apple-macos14.4 --target-triple x86_64-apple-macos14.4 --binary-file /Users/skandavyas/Sonexis/.build/ReleaseAudit/Build/Products/Release/Sonexis.app/Contents/MacOS/Sonexis --dependency-file /Users/skandavyas/Sonexis/.build/ReleaseAudit/Build/Intermediates.noindex/Sonexis.build/Release/Sonexis.build/Objects-normal/arm64/Sonexis_dependency_info.dat --dependency-file /Users/skandavyas/Sonexis/.build/ReleaseAudit/Build/Intermediates.noindex/Sonexis.build/Release/Sonexis.build/Objects-normal/x86_64/Sonexis_dependency_info.dat --stringsdata-file /Users/skandavyas/Sonexis/.build/ReleaseAudit/Build/Intermediates.noindex/Sonexis.build/Release/Sonexis.build/Objects-normal/arm64/ExtractedAppShortcutsMetadata.stringsdata --stringsdata-file /Users/skandavyas/Sonexis/.build/ReleaseAudit/Build/Intermediates.noindex/Sonexis.build/Release/Sonexis.build/Objects-normal/x86_64/ExtractedAppShortcutsMetadata.stringsdata --source-file-list /Users/skandavyas/Sonexis/.build/ReleaseAudit/Build/Intermediates.noindex/Sonexis.build/Release/Sonexis.build/Objects-normal/arm64/Sonexis.SwiftFileList --source-file-list /Users/skandavyas/Sonexis/.build/ReleaseAudit/Build/Intermediates.noindex/Sonexis.build/Release/Sonexis.build/Objects-normal/x86_64/Sonexis.SwiftFileList --metadata-file-list /Users/skandavyas/Sonexis/.build/ReleaseAudit/Build/Intermediates.noindex/Sonexis.build/Release/Sonexis.build/Sonexis.DependencyMetadataFileList --static-metadata-file-list /Users/skandavyas/Sonexis/.build/ReleaseAudit/Build/Intermediates.noindex/Sonexis.build/Release/Sonexis.build/Sonexis.DependencyStaticMetadataFileList --swift-const-vals-list /Users/skandavyas/Sonexis/.build/ReleaseAudit/Build/Intermediates.noindex/Sonexis.build/Release/Sonexis.build/Objects-normal/arm64/Sonexis.SwiftConstValuesFileList --swift-const-vals-list /Users/skandavyas/Sonexis/.build/ReleaseAudit/Build/Intermediates.noindex/Sonexis.build/Release/Sonexis.build/Objects-normal/x86_64/Sonexis.SwiftConstValuesFileList --compile-time-extraction --deployment-aware-processing --validate-assistant-intents --no-app-shortcuts-localization
2026-09-10 02:16:31.874 appintentsmetadataprocessor[59803:3256098] Starting appintentsmetadataprocessor export
2026-09-10 02:16:31.876 appintentsmetadataprocessor[59803:3256098] warning: Metadata extraction skipped. No AppIntents.framework dependency found.

CopySwiftLibs /Users/skandavyas/Sonexis/.build/ReleaseAudit/Build/Products/Release/Sonexis.app (in target 'Sonexis' from project 'Sonexis')
    cd /Users/skandavyas/Sonexis
    builtin-swiftStdLibTool --copy --verbose --scan-executable /Users/skandavyas/Sonexis/.build/ReleaseAudit/Build/Products/Release/Sonexis.app/Contents/MacOS/Sonexis --scan-folder /Users/skandavyas/Sonexis/.build/ReleaseAudit/Build/Products/Release/Sonexis.app/Contents/Frameworks --scan-folder /Users/skandavyas/Sonexis/.build/ReleaseAudit/Build/Products/Release/Sonexis.app/Contents/PlugIns --scan-folder /Users/skandavyas/Sonexis/.build/ReleaseAudit/Build/Products/Release/Sonexis.app/Contents/Library/SystemExtensions --scan-folder /Users/skandavyas/Sonexis/.build/ReleaseAudit/Build/Products/Release/Sonexis.app/Contents/Extensions --scan-folder /Applications/Xcode.app/Contents/Developer/Platforms/MacOSX.platform/Developer/SDKs/MacOSX26.5.sdk/System/Library/Frameworks/Accelerate.framework --platform macosx --toolchain /Applications/Xcode.app/Contents/Developer/Toolchains/XcodeDefault.xctoolchain --destination /Users/skandavyas/Sonexis/.build/ReleaseAudit/Build/Products/Release/Sonexis.app/Contents/Frameworks --strip-bitcode --strip-bitcode-tool /Applications/Xcode.app/Contents/Developer/Toolchains/XcodeDefault.xctoolchain/usr/bin/bitcode_strip --emit-dependency-info /Users/skandavyas/Sonexis/.build/ReleaseAudit/Build/Intermediates.noindex/Sonexis.build/Release/Sonexis.build/SwiftStdLibToolInputDependencies.dep --filter-for-swift-os --back-deploy-swift-span
Ignoring --strip-bitcode because --sign was not passed

ProcessInfoPlistFile /Users/skandavyas/Sonexis/.build/ReleaseAudit/Build/Products/Release/Sonexis.app/Contents/Info.plist /Users/skandavyas/Sonexis/Sonexis/Info.plist (in target 'Sonexis' from project 'Sonexis')
    cd /Users/skandavyas/Sonexis
    builtin-infoPlistUtility /Users/skandavyas/Sonexis/Sonexis/Info.plist -producttype com.apple.product-type.application -genpkginfo /Users/skandavyas/Sonexis/.build/ReleaseAudit/Build/Products/Release/Sonexis.app/Contents/PkgInfo -expandbuildsettings -platform macosx -additionalcontentfile /Users/skandavyas/Sonexis/.build/ReleaseAudit/Build/Intermediates.noindex/Sonexis.build/Release/Sonexis.build/assetcatalog_generated_info.plist -o /Users/skandavyas/Sonexis/.build/ReleaseAudit/Build/Products/Release/Sonexis.app/Contents/Info.plist

GenerateDSYMFile /Users/skandavyas/Sonexis/.build/ReleaseAudit/Build/Products/Release/Sonexis.app.dSYM /Users/skandavyas/Sonexis/.build/ReleaseAudit/Build/Products/Release/Sonexis.app/Contents/MacOS/Sonexis (in target 'Sonexis' from project 'Sonexis')
    cd /Users/skandavyas/Sonexis
    /Applications/Xcode.app/Contents/Developer/Toolchains/XcodeDefault.xctoolchain/usr/bin/dsymutil /Users/skandavyas/Sonexis/.build/ReleaseAudit/Build/Products/Release/Sonexis.app/Contents/MacOS/Sonexis -o /Users/skandavyas/Sonexis/.build/ReleaseAudit/Build/Products/Release/Sonexis.app.dSYM

** BUILD SUCCEEDED **

