2026-09-10 01:41:15.853 xcodebuild[58927:3233847]  DVTFilePathFSEvents: Failed to start fs event stream.
2026-09-10 01:41:16.000 xcodebuild[58927:3233835] [MT] DVTDeveloperPaths: Failed to get length of DARWIN_USER_CACHE_DIR from confstr(3), error = Error Domain=NSPOSIXErrorDomain Code=5 "Input/output error". Using NSCachesDirectory instead.
2026-09-10 01:41:16.278 xcodebuild[58927:3233848] CoreSimulatorService connection became invalid.  Simulator services will no longer be available.
2026-09-10 01:41:16.278 xcodebuild[58927:3233903] Logging connecton invalid: <OS_xpc_error: <dictionary: 0x1fd0555f0> { count = 1, transaction: 0, voucher = 0x0, contents =
	"XPCErrorDescription" => <string: 0x1fd055730> { string cache = 0x0, length = 18, contents = "Connection invalid" }
}>
[-[SimServiceContext sendRequest:]:1751] ERROR : Unable to deliver request ({
    "developer_dir" = "/Applications/Xcode.app/Contents/Developer";
    request = "set_developer_dir";
}) because we are not connected to CoreSimulatorService.
Command line invocation:
    /Applications/Xcode.app/Contents/Developer/usr/bin/xcodebuild -project Sonexis.xcodeproj -scheme Sonexis -configuration Release -derivedDataPath .build/ReleaseAudit -destination platform=macOS build CODE_SIGNING_ALLOWED=NO ENABLE_TESTABILITY=YES ENABLE_DEBUG_DYLIB=YES

Build settings from command line:
    CODE_SIGNING_ALLOWED = NO
    ENABLE_DEBUG_DYLIB = YES
    ENABLE_TESTABILITY = YES

2026-09-10 01:41:16.322 xcodebuild[58927:3233835] [MT] DVTAssertions: Warning in DVTFrameworks/DVTFoundation/FileTypes/DVTFileDataTypeDetection.m:80
Details:  detectedTypeIdentifier (com.apple.xml-property-list) does not conform to matchedTypeIdentifier in MagicFileDataTypeDetector extenson com.apple.property-list. When both are specified, this conformance is required unless overridden by setting allowNonInheritance. extension.identifier:Xcode.MagicFileDataTypeDetector.XMLPlist
Object:   <DVTFileDataTypeDetectionMagicCache: 0x71def47e0>
Method:   -initWithExtension:
Thread:   <_NSMainThread: 0x102ba5d40>{number = 1, name = main}
Please file a bug at https://feedbackassistant.apple.com with this warning message and any useful information you can provide.
2026-09-10 01:41:16.323 xcodebuild[58927:3233835] [MT] DVTAssertions: Warning in DVTFrameworks/DVTFoundation/FileTypes/DVTFileDataTypeDetection.m:80
Details:  detectedTypeIdentifier (com.apple.binary-property-list) does not conform to matchedTypeIdentifier in MagicFileDataTypeDetector extenson com.apple.property-list. When both are specified, this conformance is required unless overridden by setting allowNonInheritance. extension.identifier:Xcode.MagicFileDataTypeDetector.BinaryPlist
Object:   <DVTFileDataTypeDetectionMagicCache: 0x71def5950>
Method:   -initWithExtension:
Thread:   <_NSMainThread: 0x102ba5d40>{number = 1, name = main}
Please file a bug at https://feedbackassistant.apple.com with this warning message and any useful information you can provide.
[-[SimServiceContext initWithDeveloperDir:connectionType:error:]:432] WARN  : Unable to discover any Simulator runtimes. Developer Directory is /Applications/Xcode.app/Contents/Developer.
[-[SimDiskImageManager init]:175] ERROR : Could not kickstart simdiskimaged; SimDiskImageManager services will not be available: Error Domain=NSPOSIXErrorDomain Code=53 "Software caused connection abort" UserInfo={NSLocalizedDescription=Error returned in reply from CoreSimulatorService: Connection invalid}
[-[SimDiskImageManager _onQueue_checkConnection:]:239] ERROR : simdiskimaged returned error (invalid), marking disconnected.
[-[SimServiceContext initWithDeveloperDir:connectionType:error:]_block_invoke:468] ERROR : Could not get list of trusted mount directories: Error Domain=com.apple.CoreSimulator.SimError Code=410 "The service used to manage runtime disk images (simdiskimaged) crashed or is not responding" UserInfo={NSLocalizedDescription=The service used to manage runtime disk images (simdiskimaged) crashed or is not responding}
[-[SimDiskImageManager _onQueue_checkConnection:]:239] ERROR : simdiskimaged returned error (invalid), marking disconnected.
[-[SimServiceContext sendRequest:reply:error:]:1771] ERROR : Unable to deliver request ({
    request = "notification_subscription";
    "set_path" = "/Users/skandavyas/Library/Developer/CoreSimulator/Devices";
}) because we are not connected to CoreSimulatorService.
2026-09-10 01:41:16.362 xcodebuild[58927:3233902] Error Domain=NSPOSIXErrorDomain Code=61 "Connection refused" UserInfo={NSLocalizedDescription=CoreSimulatorService connection became invalid.  Simulator services will no longer be available.}
[-[SimServiceContext sendRequest:reply:error:]:1771] ERROR : Unable to deliver request ({
    request = "notification_subscription";
    "set_path" = "/Users/skandavyas/Library/Developer/CoreSimulator/Devices";
}) because we are not connected to CoreSimulatorService.
2026-09-10 01:41:16.363 xcodebuild[58927:3233902]  iOSSimulator: [SimServiceContext defaultDeviceSetWithError:] returned nil (Error Domain=NSPOSIXErrorDomain Code=61 "Connection refused" UserInfo={NSLocalizedFailureReason=Failed to subscribe to notifications from CoreSimulatorService., NSLocalizedDescription=Failed to initialize simulator device set., NSUnderlyingError=0x71e0ac6f0 {Error Domain=NSPOSIXErrorDomain Code=61 "Connection refused" UserInfo={NSLocalizedDescription=CoreSimulatorService connection became invalid.  Simulator services will no longer be available.}}}). Simulator device support disabled.
2026-09-10 01:41:16.363 xcodebuild[58927:3233847] Error Domain=NSPOSIXErrorDomain Code=61 "Connection refused" UserInfo={NSLocalizedDescription=CoreSimulatorService connection became invalid.  Simulator services will no longer be available.}
2026-09-10 01:41:16.363 xcodebuild[58927:3233847]  IDESimulatorAvailability: startObservingSimulatorUpdates() FAILED to register SimDeviceSet observer
--- xcodebuild: WARNING: Using the first of multiple matching destinations:
{ platform:macOS, arch:arm64, id:00008132-001A71CE1139001C, name:My Mac }
{ platform:macOS, arch:x86_64, id:00008132-001A71CE1139001C, name:My Mac }
ComputePackagePrebuildTargetDependencyGraph

Prepare packages

CreateBuildRequest

SendProjectDescription

CreateBuildOperation

ComputeTargetDependencyGraph
note: Building targets in dependency order
note: Target dependency graph (1 target)
    Target 'Sonexis' in project 'Sonexis' (no dependencies)

GatherProvisioningInputs

CreateBuildDescription

ExecuteExternalTool /Applications/Xcode.app/Contents/Developer/Toolchains/XcodeDefault.xctoolchain/usr/bin/clang -v -E -dM -isysroot /Applications/Xcode.app/Contents/Developer/Platforms/MacOSX.platform/Developer/SDKs/MacOSX26.5.sdk -x c -c /dev/null

ExecuteExternalTool /Applications/Xcode.app/Contents/Developer/Toolchains/XcodeDefault.xctoolchain/usr/bin/clang -v -E -dM -arch arm64 -isysroot /Applications/Xcode.app/Contents/Developer/Platforms/MacOSX.platform/Developer/SDKs/MacOSX26.5.sdk -x objective-c++ -c /dev/null

ExecuteExternalTool /Applications/Xcode.app/Contents/Developer/Toolchains/XcodeDefault.xctoolchain/usr/bin/clang -v -E -dM -arch arm64 -isysroot /Applications/Xcode.app/Contents/Developer/Platforms/MacOSX.platform/Developer/SDKs/MacOSX26.5.sdk -x c -c /dev/null

ExecuteExternalTool /Applications/Xcode.app/Contents/Developer/Toolchains/XcodeDefault.xctoolchain/usr/bin/clang -v -E -dM -arch arm64 -isysroot /Applications/Xcode.app/Contents/Developer/Platforms/MacOSX.platform/Developer/SDKs/MacOSX26.5.sdk -x c++ -c /dev/null

ExecuteExternalTool /Applications/Xcode.app/Contents/Developer/usr/bin/actool --version --output-format xml1

ExecuteExternalTool /Applications/Xcode.app/Contents/Developer/Toolchains/XcodeDefault.xctoolchain/usr/bin/swiftc --version

ExecuteExternalTool /Applications/Xcode.app/Contents/Developer/Toolchains/XcodeDefault.xctoolchain/usr/bin/ld -version_details

ExecuteExternalTool /Applications/Xcode.app/Contents/Developer/Toolchains/XcodeDefault.xctoolchain/usr/bin/clang -v -E -dM -arch x86_64 -isysroot /Applications/Xcode.app/Contents/Developer/Platforms/MacOSX.platform/Developer/SDKs/MacOSX26.5.sdk -x objective-c++ -c /dev/null

ExecuteExternalTool /Applications/Xcode.app/Contents/Developer/Toolchains/XcodeDefault.xctoolchain/usr/bin/clang -v -E -dM -arch x86_64 -isysroot /Applications/Xcode.app/Contents/Developer/Platforms/MacOSX.platform/Developer/SDKs/MacOSX26.5.sdk -x c -c /dev/null

ExecuteExternalTool /Applications/Xcode.app/Contents/Developer/Toolchains/XcodeDefault.xctoolchain/usr/bin/clang -v -E -dM -arch x86_64 -isysroot /Applications/Xcode.app/Contents/Developer/Platforms/MacOSX.platform/Developer/SDKs/MacOSX26.5.sdk -x c++ -c /dev/null

Build description signature: 18989d1e639742dfc9bfb4a2c889a883
Build description path: /Users/skandavyas/Sonexis/.build/ReleaseAudit/Build/Intermediates.noindex/XCBuildData/18989d1e639742dfc9bfb4a2c889a883.xcbuilddata
ClangStatCache /Applications/Xcode.app/Contents/Developer/Toolchains/XcodeDefault.xctoolchain/usr/bin/clang-stat-cache /Applications/Xcode.app/Contents/Developer/Platforms/MacOSX.platform/Developer/SDKs/MacOSX26.5.sdk /Users/skandavyas/Sonexis/.build/ReleaseAudit/SDKStatCaches.noindex/macosx26.5-25F70-e082c4a02f00227109f4ed75e425c832.sdkstatcache
    cd /Users/skandavyas/Sonexis/Sonexis.xcodeproj
    /Applications/Xcode.app/Contents/Developer/Toolchains/XcodeDefault.xctoolchain/usr/bin/clang-stat-cache /Applications/Xcode.app/Contents/Developer/Platforms/MacOSX.platform/Developer/SDKs/MacOSX26.5.sdk -o /Users/skandavyas/Sonexis/.build/ReleaseAudit/SDKStatCaches.noindex/macosx26.5-25F70-e082c4a02f00227109f4ed75e425c832.sdkstatcache
Failed to create FS event stream. Considering the cache up-to-date.

CopySwiftLibs /Users/skandavyas/Sonexis/.build/ReleaseAudit/Build/Products/Release/Sonexis.app (in target 'Sonexis' from project 'Sonexis')
    cd /Users/skandavyas/Sonexis
    builtin-swiftStdLibTool --copy --verbose --scan-executable /Users/skandavyas/Sonexis/.build/ReleaseAudit/Build/Products/Release/Sonexis.app/Contents/MacOS/Sonexis --scan-folder /Users/skandavyas/Sonexis/.build/ReleaseAudit/Build/Products/Release/Sonexis.app/Contents/Frameworks --scan-folder /Users/skandavyas/Sonexis/.build/ReleaseAudit/Build/Products/Release/Sonexis.app/Contents/PlugIns --scan-folder /Users/skandavyas/Sonexis/.build/ReleaseAudit/Build/Products/Release/Sonexis.app/Contents/Library/SystemExtensions --scan-folder /Users/skandavyas/Sonexis/.build/ReleaseAudit/Build/Products/Release/Sonexis.app/Contents/Extensions --scan-folder /Applications/Xcode.app/Contents/Developer/Platforms/MacOSX.platform/Developer/SDKs/MacOSX26.5.sdk/System/Library/Frameworks/Accelerate.framework --platform macosx --toolchain /Applications/Xcode.app/Contents/Developer/Toolchains/XcodeDefault.xctoolchain --destination /Users/skandavyas/Sonexis/.build/ReleaseAudit/Build/Products/Release/Sonexis.app/Contents/Frameworks --strip-bitcode --strip-bitcode-tool /Applications/Xcode.app/Contents/Developer/Toolchains/XcodeDefault.xctoolchain/usr/bin/bitcode_strip --emit-dependency-info /Users/skandavyas/Sonexis/.build/ReleaseAudit/Build/Intermediates.noindex/Sonexis.build/Release/Sonexis.build/SwiftStdLibToolInputDependencies.dep --filter-for-swift-os --back-deploy-swift-span
Ignoring --strip-bitcode because --sign was not passed

ProcessInfoPlistFile /Users/skandavyas/Sonexis/.build/ReleaseAudit/Build/Products/Release/Sonexis.app/Contents/Info.plist /Users/skandavyas/Sonexis/Sonexis/Info.plist (in target 'Sonexis' from project 'Sonexis')
    cd /Users/skandavyas/Sonexis
    builtin-infoPlistUtility /Users/skandavyas/Sonexis/Sonexis/Info.plist -producttype com.apple.product-type.application -genpkginfo /Users/skandavyas/Sonexis/.build/ReleaseAudit/Build/Products/Release/Sonexis.app/Contents/PkgInfo -expandbuildsettings -platform macosx -additionalcontentfile /Users/skandavyas/Sonexis/.build/ReleaseAudit/Build/Intermediates.noindex/Sonexis.build/Release/Sonexis.build/assetcatalog_generated_info.plist -o /Users/skandavyas/Sonexis/.build/ReleaseAudit/Build/Products/Release/Sonexis.app/Contents/Info.plist

** BUILD SUCCEEDED **

